{"level":"info","message":"Server is running on  http://localhost:3001"}
{"level":"info","message":{"contactNumber":"0767791396","dateOfRegistration":"2022-08-03","degreeSelect":"mphill","email":"ishan@ishan.cm","modeOfStudy":"fullTime","nameDenotedByInitials":"Ishan Maduranga","nameWithInitials":"I.M.Kasthuripitiya","password":"kaimkdscc","postalAddress":"edfwedgdefg","progressDate":"2022-08-03","progressLevel":"annualOralPresentationSubmitted","registrationNumber":"E/18/173","registrationStatus":"registered","researchArea":"Software","supervisors":"fsf","url":"https://i.imgur.com/3rxS7Ns.png","yearOfCompletion":"2022-08"}}
{"level":"info","message":"http://localhost:3001/admin/toapprove"}
{"level":"info","message":"Server is running on  http://localhost:3001"}
{"level":"info","message":"Server is running on  http://localhost:3001"}
{"level":"info","message":"Server is running on  http://localhost:3001"}
{"level":"info","message":"Server is running on  http://localhost:3001"}
{"level":"info","message":"Server is running on  http://localhost:3001"}
{"level":"info","message":"Server is running on  http://localhost:3001"}
{"level":"info","message":"Server is running on  http://localhost:3001"}
{"level":"info","message":"Server is running on  http://localhost:3001"}
{"level":"info","message":"Server is running on  http://localhost:3001"}
{"level":"info","message":"Server is running on  http://localhost:3001"}
{"level":"info","message":"Server is running on  http://localhost:3001"}
{"level":"info","message":"Server is running on  http://localhost:3001"}
{"level":"info","message":"Server is running on  http://localhost:3001"}
{"level":"info","message":"Server is running on  http://localhost:3001"}
{"level":"info","message":"Server is running on  http://localhost:3001"}
{"level":"info","message":"Server is running on  http://localhost:3001"}
{"level":"info","message":"Server is running on  http://localhost:3001"}
{"level":"info","message":"Server is running on  http://localhost:3001"}
{"level":"info","message":"Server is running on  http://localhost:3001"}
{"level":"info","message":{"contactNumber":"0767791396","dateOfRegistration":"2022-08-03","degreeSelect":"mphill","email":"ishan@ishan.cm","modeOfStudy":"fullTime","nameDenotedByInitials":"Ishan Maduranga","nameWithInitials":"I.M.Kasthuripitiya","password":"kaimkdscc","postalAddress":"edfwedgdefg","progressDate":"2022-08-03","progressLevel":"annualOralPresentationSubmitted","registrationNumber":"E/18/173","registrationStatus":"registered","researchArea":"Software","supervisors":"fsf","url":"https://i.imgur.com/3rxS7Ns.png","yearOfCompletion":"2022-08"}}
{"level":"info","message":"Server is running on  http://localhost:3001"}
{"level":"info","message":"Server is running on  http://localhost:3001"}
{"level":"info","message":{"contactNumber":"0767791396","dateOfRegistration":"2022-08-03","degreeSelect":"mphill","email":"ishan@ishan.cm","modeOfStudy":"fullTime","nameDenotedByInitials":"Ishan Maduranga","nameWithInitials":"I.M.Kasthuripitiya","password":"kaimkdscc","postalAddress":"fdgdfg","progressDate":"2022-08-03","progressLevel":"vivaCompleted","registrationNumber":"E/18/173","registrationStatus":"registered","researchArea":"sefsf","supervisors":"rtyert","url":"https://i.imgur.com/3rxS7Ns.png","yearOfCompletion":"2022-07"}}
{"level":"info","message":{"DOR":"2022-08-03T00:00:00.000Z","URLtoWebsite":"https://i.imgur.com/3rxS7Ns.png","_id":"62ea99dc0680ca34d3994056","completionYear":"2022-07","dateofLastSubmission":"2022-08-03T00:00:00.000Z","degree":"mphill","email":"ishan@ishan.cm","fullName":"Ishan Maduranga","kind":"Registered","nameWithInitials":"I.M.Kasthuripitiya","password":"$2b$10$huCu1u.dvdvIHSFwQjmw6eC0v946gbiwq8mcmfmVs7XD9qywiqbPq","postalAddress":"fdgdfg","progressLevel":"vivaCompleted","regNo":"E/18/173","researchArea":"sefsf","state":"not approved","studyMode":"fullTime","supervisors":["rtyert"],"telNo":"0767791396"}}
{"level":"info","message":"http://localhost:3001/admin/toapprove"}
{"level":"info","message":"Server is running on  http://localhost:3001"}
{"level":"info","message":{}}
{"level":"info","message":{}}
{"level":"info","message":{}}
{"level":"info","message":{}}
{"level":"info","message":"Server is running on  http://localhost:3001"}
{"level":"info","message":{"email":"ishan@ishan.io","name":"Ishan","role":"admin"}}
{"level":"info","message":"Server is running on  http://localhost:3001"}
{"level":"info","message":{"email":"ishan@ishan.io","name":"Ishan","role":"admin"}}
{"level":"info","message":{}}
{"level":"info","message":{}}
{"level":"info","message":{}}
{"level":"info","message":{}}
{"level":"info","message":{}}
{"level":"info","message":{}}
{"level":"info","message":{}}
{"level":"info","message":{}}
{"level":"info","message":{}}
{"level":"info","message":{}}
{"level":"info","message":{}}
{"level":"info","message":{}}
{"level":"info","message":{}}
{"level":"info","message":{}}
{"level":"info","message":{}}
{"level":"info","message":{}}
{"level":"info","message":{"email":"ishan@ishan.io","name":"Ishan","role":"admin"}}
{"level":"info","message":"Server is running on  http://localhost:3001"}
{"level":"info","message":"Server is running on  http://localhost:3001"}
{"level":"info","message":"Server is running on  http://localhost:3001"}
{"level":"info","message":"Server is running on  http://localhost:3001"}
{"level":"info","message":{}}
{"level":"info","message":"Server is running on  http://localhost:3001"}
{"level":"info","message":{}}
{"level":"info","message":{}}
{"level":"info","message":{}}
{"level":"info","message":"Server is running on  http://localhost:3001"}
{"level":"info","message":{}}
{"level":"info","message":{}}
{"level":"info","message":{}}
{"level":"info","message":"Server is running on  http://localhost:3001"}
{"level":"info","message":{}}
{"level":"info","message":{}}
{"level":"info","message":{}}
{"level":"info","message":{}}
{"level":"info","message":{"email":"ishan@ishan.io","name":"Ishan","role":"examiner"}}
{"level":"info","message":{"email":"ishan@ishan.io","name":"Ishan","role":"supervisor"}}
{"level":"info","message":"Server is running on  http://localhost:3001"}
{"level":"info","message":"Server is running on  http://localhost:3001"}
{"level":"info","message":"Server is running on  http://localhost:3001"}
{"level":"info","message":"Server is running on  http://localhost:3001"}
{"level":"info","message":"Server is running on  http://localhost:3001"}
{"level":"info","message":"Server is running on  http://localhost:3001"}
{"level":"info","message":"Server is running on  http://localhost:3001"}
{"level":"info","message":"Server is running on  http://localhost:3001"}
{"level":"info","message":"Server is running on  http://localhost:3001"}
{"level":"info","message":"Server is running on  http://localhost:3001"}
{"level":"info","message":"Server is running on  http://localhost:3001"}
{"level":"info","message":"Server is running on  http://localhost:3001"}
{"level":"info","message":"Server is running on  http://localhost:3001"}
{"level":"info","message":"Server is running on  http://localhost:3001"}
{"level":"info","message":"Server is running on  http://localhost:3001"}
{"level":"info","message":"Server is running on  http://localhost:3001"}
{"level":"info","message":"Server is running on  http://localhost:3001"}
{"level":"info","message":"Server is running on  http://localhost:3001"}
{"level":"info","message":"Server is running on  http://localhost:3001"}
{"level":"info","message":"Server is running on  http://localhost:3001"}
{"level":"info","message":"Server is running on  http://localhost:3001"}
{"level":"info","message":"Server is running on  http://localhost:3001"}
{"level":"info","message":"Server is running on  http://localhost:3001"}
{"level":"info","message":"Server is running on  http://localhost:3001"}
{"level":"info","message":"id from get user function62e7a60dc59bb534a85e995c"}
{"level":"info","message":"id from get user function62e7a60dc59bb534a85e995c"}
{"level":"info","message":"Server is running on  http://localhost:3001"}
{"level":"info","message":"Server is running on  http://localhost:3001"}
{"level":"info","message":"Server is running on  http://localhost:3001"}
{"level":"info","message":"Server is running on  http://localhost:3001"}
{"level":"info","message":"Server is running on  http://localhost:3001"}
{"level":"info","message":"Server is running on  http://localhost:3001"}
{"level":"info","message":"Server is running on  http://localhost:3001"}
{"level":"info","message":"Server is running on  http://localhost:3001"}
{"level":"info","message":"Server is running on  http://localhost:3001"}
{"level":"info","message":"Server is running on  http://localhost:3001"}
{"level":"info","message":"Server is running on  http://localhost:3001"}
{"level":"info","message":"Server is running on  http://localhost:3001"}
{"level":"info","message":"Server is running on  http://localhost:3001"}
{"level":"info","message":"Server is running on  http://localhost:3001"}
{"level":"info","message":"Server is running on  http://localhost:3001"}
{"level":"info","message":"Server is running on  http://localhost:3001"}
{"level":"info","message":"Server is running on  http://localhost:3001"}
{"level":"info","message":"Server is running on  http://localhost:3001"}
{"level":"info","message":"Server is running on  http://localhost:3001"}
{"level":"info","message":"Server is running on  http://localhost:3001"}
{"level":"info","message":"Server is running on  http://localhost:3001"}
{"level":"info","message":"Server is running on  http://localhost:3001"}
{"level":"info","message":"Server is running on  http://localhost:3001"}
{"level":"info","message":"Server is running on  http://localhost:3001"}
{"level":"info","message":"Server is running on  http://localhost:3001"}
{"level":"info","message":{"email":"ishankasthuripitiya@gmail.com","name":"Lakshan","role":"supervisor"}}
{"level":"info","message":{"email":"bitportacc30@gmail.com","name":"Jeewantha","role":"examiner"}}
{"level":"info","message":{"email":"kasthuripitiyaishan@gmail.com","name":"Tharindu","role":"examiner"}}
{"level":"info","message":"Server is running on  http://localhost:3001"}
{"level":"info","message":"Server is running on  http://localhost:3001"}
{"level":"info","message":"Server is running on  http://localhost:3001"}
{"level":"info","message":"Server is running on  http://localhost:3001"}
{"level":"info","message":"Server is running on  http://localhost:3001"}
{"level":"info","message":"Server is running on  http://localhost:3001"}
{"level":"info","message":"Server is running on  http://localhost:3001"}
{"level":"info","message":"Server is running on  http://localhost:3001"}
{"level":"info","message":"Server is running on  http://localhost:3001"}
{"level":"info","message":"Server is running on  http://localhost:3001"}
{"level":"info","message":"Server is running on  http://localhost:3001"}
{"level":"info","message":"Server is running on  http://localhost:3001"}
{"level":"info","message":"Server is running on  http://localhost:3001"}
{"level":"info","message":"Server is running on  http://localhost:3001"}
{"level":"info","message":"Server is running on  http://localhost:3001"}
{"level":"info","message":"Server is running on  http://localhost:3001"}
{"level":"info","message":"Server is running on  http://localhost:3001"}
{"level":"info","message":"Server is running on  http://localhost:3001"}
{"level":"info","message":"Server is running on  http://localhost:3001"}
{"level":"info","message":"Server is running on  http://localhost:3001"}
{"level":"info","message":"Server is running on  http://localhost:3001"}
{"level":"info","message":"Server is running on  http://localhost:3001"}
{"level":"info","message":"Server is running on  http://localhost:3001"}
{"level":"info","message":"Server is running on  http://localhost:3001"}
{"level":"info","message":"Server is running on  http://localhost:3001"}
{"level":"info","message":"Server is running on  http://localhost:3001"}
{"level":"info","message":"Server is running on  http://localhost:3001"}
{"level":"info","message":"Server is running on  http://localhost:3001"}
{"level":"info","message":"Server is running on  http://localhost:3001"}
{"level":"info","message":"id from get user function62cff850da42a9840402032a"}
{"level":"info","message":"id from get user function62cff850da42a9840402032a"}
{"level":"info","message":"id from get user function62cff850da42a9840402032a"}
{"level":"info","message":"Server is running on  http://localhost:3001"}
{"level":"info","message":"Server is running on  http://localhost:3001"}
{"level":"info","message":"Server is running on  http://localhost:3001"}
{"level":"info","message":"id from get user function62eb546c27a31ff5a6725cb3"}
{"level":"info","message":"id from get user function62e7a60dc59bb534a85e995c"}
{"level":"info","message":"id from get user function62e7a60dc59bb534a85e995c"}
{"level":"info","message":"id from get user function62e7a60dc59bb534a85e995c"}
{"level":"info","message":"id from get user function62e7a60dc59bb534a85e995c"}
{"level":"info","message":"id from get user function62e7a60dc59bb534a85e995c"}
{"level":"info","message":"Server is running on  http://localhost:3001"}
{"level":"info","message":"Server is running on  http://localhost:3001"}
{"level":"info","message":"Server is running on  http://localhost:3001"}
{"level":"info","message":"id from get user function62e7a60dc59bb534a85e995c"}
{"level":"info","message":"id from get user function62eb78869004334f30e77cfb"}
{"level":"info","message":"Server is running on  http://localhost:3001"}
{"level":"info","message":"id from get user function62e7a60dc59bb534a85e995c"}
{"level":"info","message":"Server is running on  http://localhost:3001"}
{"level":"info","message":"id from get user function62cff850da42a9840402032a"}
{"level":"info","message":"Server is running on  http://localhost:3001"}
{"level":"info","message":"Server is running on  http://localhost:3001"}
{"level":"info","message":"Server is running on  http://localhost:3001"}
{"level":"info","message":"Server is running on  http://localhost:3001"}
{"level":"info","message":"Server is running on  http://localhost:3001"}
{"level":"info","message":"Server is running on  http://localhost:3001"}
{"level":"info","message":"Server is running on  http://localhost:3001"}
{"level":"info","message":"Server is running on  http://localhost:3001"}
{"level":"info","message":"Server is running on  http://localhost:3001"}
{"level":"info","message":"Server is running on  http://localhost:3001"}
{"level":"info","message":"Server is running on  http://localhost:3001"}
{"level":"info","message":"Server is running on  http://localhost:3001"}
{"level":"info","message":"Server is running on  http://localhost:3001"}
{"level":"info","message":"Server is running on  http://localhost:3001"}
{"level":"info","message":"Server is running on  http://localhost:3001"}
{"level":"info","message":"Server is running on  http://localhost:3001"}
{"level":"info","message":"Server is running on  http://localhost:3001"}
{"level":"info","message":"Server is running on  http://localhost:3001"}
{"level":"info","message":"Server is running on  http://localhost:3001"}
{"level":"info","message":"Server is running on  http://localhost:3001"}
{"level":"info","message":"Server is running on  http://localhost:3001"}
{"level":"info","message":"Server is running on  http://localhost:3001"}
{"level":"info","message":"Server is running on  http://localhost:3001"}
{"level":"info","message":"id from get user function62eb7a052da0da4ab70eaf46"}
{"level":"info","message":"Server is running on  http://localhost:3001"}
{"level":"info","message":"Server is running on  http://localhost:3001"}
{"level":"info","message":"Server is running on  http://localhost:3001"}
{"level":"info","message":"Server is running on  http://localhost:3001"}
{"level":"info","message":"Server is running on  http://localhost:3001"}
{"level":"info","message":"Server is running on  http://localhost:3001"}
{"level":"info","message":"Server is running on  http://localhost:3001"}
{"level":"info","message":"Server is running on  http://localhost:3001"}
{"level":"info","message":"Server is running on  http://localhost:3001"}
{"level":"info","message":"Server is running on  http://localhost:3001"}
{"level":"info","message":"Server is running on  http://localhost:3001"}
{"level":"info","message":"Server is running on  http://localhost:3001"}
{"level":"info","message":{"contactNumber":"0767791396","dateOfRegistration":"2022-09-29","degreeSelect":"mphill","email":"mekojir731@duetube.com","modeOfStudy":"partTime","nameDenotedByInitials":"RR","nameWithInitials":"Ranjith","password":"kaimkdscc","postalAddress":"Fd gfgdfgdf dfg","progressDate":"2022-09-28","progressLevel":"annualOralPresentationSubmitted","registrationNumber":"E/18/173","registrationStatus":"registered","researchArea":"Software","supervisors":"boribi9623@edxplus.com , ergbi5673@edxplus.com","url":"https://i.imgur.com/3rxS7Ns.png","yearOfCompletion":"2022-10"}}
{"level":"info","message":{"DOR":"2022-09-29T00:00:00.000Z","URLtoWebsite":"https://i.imgur.com/3rxS7Ns.png","_id":"6334028978df0344b7848251","completionYear":"2022-10","dateofLastSubmission":"2022-09-28T00:00:00.000Z","degree":"mphill","email":"mekojir731@duetube.com","fullName":"RR","kind":"Registered","nameWithInitials":"Ranjith","password":"$2b$10$ftoVOiW0xghEPSwL9l5O9.omLcpB1qkM2wRfDnPZGoTaHaoqN7Cw6","postalAddress":"Fd gfgdfgdf dfg","progressLevel":"annualOralPresentationSubmitted","regNo":"E/18/173","researchArea":"Software","state":"not approved","studyMode":"partTime","supervisors":["boribi9623@edxplus.com , ergbi5673@edxplus.com"],"telNo":"0767791396"}}
{"level":"info","message":"http://localhost:3001/admin/toapprove"}
{"level":"info","message":{"contactNumber":"0767791396","dateOfRegistration":"2022-10-05","degreeSelect":"phd","email":"mekojir731@duetube.com","modeOfStudy":"fullTime","nameDenotedByInitials":"edtrfdt","nameWithInitials":"I.M.Kasthuripitiya","password":"kaimkdscc","postalAddress":"ewrwerwe","progressDate":"2022-09-28","progressLevel":"annualOralPresentationSubmitted","registrationNumber":"E/18/173","registrationStatus":"registered","researchArea":"Machine Learning","supervisors":"boribi9623@edxplus.com,ergbi5673@edxplus.com","url":"https://i.imgur.com/3rxS7Ns.png","yearOfCompletion":"2022-09"}}
{"level":"info","message":{"DOR":"2022-10-05T00:00:00.000Z","URLtoWebsite":"https://i.imgur.com/3rxS7Ns.png","_id":"6334035c78df0344b7848257","completionYear":"2022-09","dateofLastSubmission":"2022-09-28T00:00:00.000Z","degree":"phd","email":"mekojir731@duetube.com","fullName":"edtrfdt","kind":"Registered","nameWithInitials":"I.M.Kasthuripitiya","password":"$2b$10$CvUtbX1AKrXKko/MhgWZ6.Vb/Je2sielxuhYvoviSlCtZNS6F5gXC","postalAddress":"ewrwerwe","progressLevel":"annualOralPresentationSubmitted","regNo":"E/18/173","researchArea":"Machine Learning","state":"not approved","studyMode":"fullTime","supervisors":["boribi9623@edxplus.com,ergbi5673@edxplus.com"],"telNo":"0767791396"}}
{"level":"info","message":"http://localhost:3001/admin/toapprove"}
{"level":"info","message":{"contactNumber":"0767791396","dateOfRegistration":"2022-09-28","degreeSelect":"meng","email":"mekojir731@duetube.com","modeOfStudy":"partTime","nameDenotedByInitials":"edtrfdt","nameWithInitials":"I.M.Kasthuripitiya","password":"kaimkdscc","postalAddress":"ewrwerwe","progressDate":"2022-09-28","progressLevel":"thesisSubmittedForReview","registrationNumber":"E/18/173","registrationStatus":"registered","researchArea":"Software","supervisors":"boribi9623@edxplus.com,ergbi5673@edxplus.com","url":"https://i.imgur.com/3rxS7Ns.png","yearOfCompletion":"2022-09"}}
{"level":"info","message":{"contactNumber":"0767791396","dateOfRegistration":"2022-09-28","degreeSelect":"meng","email":"mekojir731@duetube.com","modeOfStudy":"partTime","nameDenotedByInitials":"edtrfdt","nameWithInitials":"I.M.Kasthuripitiya","password":"kaimkdscc","postalAddress":"ewrwerwe","progressDate":"2022-09-28","progressLevel":"thesisSubmittedForReview","registrationNumber":"E/18/173","registrationStatus":"registered","researchArea":"Software","supervisors":"boribi9623@edxplus.com,ergbi5673@edxplus.com","url":"https://i.imgur.com/3rxS7Ns.png","yearOfCompletion":"2022-09"}}
{"level":"info","message":{"DOR":"2022-09-28T00:00:00.000Z","URLtoWebsite":"https://i.imgur.com/3rxS7Ns.png","_id":"6334055978df0344b7848260","completionYear":"2022-09","dateofLastSubmission":"2022-09-28T00:00:00.000Z","degree":"meng","email":"mekojir731@duetube.com","fullName":"edtrfdt","kind":"Registered","nameWithInitials":"I.M.Kasthuripitiya","password":"$2b$10$4S7NC73nR0ve/a0l0hu7Ou.MOqY4xNaMjPeR9vYnndqHsj6dvWwyS","postalAddress":"ewrwerwe","progressLevel":"thesisSubmittedForReview","regNo":"E/18/173","researchArea":"Software","state":"not approved","studyMode":"partTime","supervisors":["boribi9623@edxplus.com,ergbi5673@edxplus.com"],"telNo":"0767791396"}}
{"level":"info","message":"http://localhost:3001/admin/toapprove"}
{"level":"info","message":"id from get user function62eb7a052da0da4ab70eaf46"}
{"level":"info","message":"id from get user function62eb7a052da0da4ab70eaf46"}
{"level":"info","message":"Server is running on  http://localhost:3001"}
{"level":"info","message":"Server is running on  http://localhost:3001"}
{"level":"info","message":"id from get user function62cff850da42a9840402032a"}
{"level":"info","message":"id from get user function62cff850da42a9840402032a"}
{"level":"info","message":"id from get user function62cff850da42a9840402032a"}
{"level":"info","message":"id from get user function62cff850da42a9840402032a"}
{"level":"info","message":"id from get user function62cff850da42a9840402032a"}
{"level":"info","message":"id from get user function62e7a60dc59bb534a85e995c"}
{"level":"info","message":"id from get user function62e7a60dc59bb534a85e995c"}
{"level":"info","message":"id from get user function62e7a60dc59bb534a85e995c"}
{"level":"info","message":"id from get user function62e7a60dc59bb534a85e995c"}
{"level":"info","message":"id from get user function62e7a60dc59bb534a85e995c"}
{"level":"info","message":"id from get user function62e7a60dc59bb534a85e995c"}
{"level":"info","message":"id from get user function62e7a60dc59bb534a85e995c"}
{"level":"info","message":"id from get user function62e7a60dc59bb534a85e995c"}
{"level":"info","message":"id from get user function62e7a60dc59bb534a85e995c"}
{"level":"info","message":"id from get user function62e7a60dc59bb534a85e995c"}
{"level":"info","message":"id from get user function62e7a60dc59bb534a85e995c"}
{"level":"info","message":"id from get user function62e7a60dc59bb534a85e995c"}
{"level":"info","message":"id from get user function62cff850da42a9840402032a"}
{"level":"info","message":"Server is running on  http://localhost:3001"}
{"level":"info","message":"id from get user function62e7a60dc59bb534a85e995c"}
{"level":"info","message":"id from get user function62e7a60dc59bb534a85e995c"}
{"level":"info","message":"id from get user function62e7a60dc59bb534a85e995c"}
{"level":"info","message":"id from get user function62e7a60dc59bb534a85e995c"}
{"level":"info","message":"Server is running on  http://localhost:3001"}
{"level":"info","message":"id from get user function62cff850da42a9840402032a"}
{"level":"info","message":"id from get user function62cff850da42a9840402032a"}
{"level":"info","message":"id from get user function62cff850da42a9840402032a"}
{"level":"info","message":"id from get user function62e7a60dc59bb534a85e995c"}
{"level":"info","message":"Server is running on  http://localhost:3001"}
{"level":"info","message":"Server is running on  http://localhost:3001"}
{"level":"info","message":"Server is running on  http://localhost:3001"}
{"level":"info","message":"id from get user function62cff850da42a9840402032a"}
